#-------------------------------------------------------------------#
#	NIOS II Assembly	 File : \gcd.asm
#-------------------------------------------------------------------#

#Adress     Bin-code   source line

00F00000:   01000C84   |MAIN:       addi    r4, r0, 50
00F00004:   01400284   |            addi    r5, r0, 10
00F00008:   0F000100   |            call    GCD             
00F0000C:   003B683A   |            trap                    
00F00010:   DEFFFF04   |GCD:        addi    r27, r27, -4
00F00014:   DFC00015   |            stw     r31, 0(r27)     
00F00018:   2005883A   |            add     r2, r4, r0
00F0001C:   28000626   |            beq     r5, r0, FIN
00F00020:   2145283A   |            div     r2, r4, r5
00F00024:   1145383A   |            mul     r2, r2, r5
00F00028:   2085C83A   |            sub     r2, r4, r2
00F0002C:   2809883A   |            add     r4, r5, r0
00F00030:   100B883A   |            add     r5, r2, r0
00F00034:   0F000100   |            call    GCD             
00F00038:   DFC00017   |FIN:        ldw     r31, 0(r27)     
00F0003C:   DEC00104   |            addi    r27, r27, 4
00F00040:   F800283A   |            ret                     
