#-------------------------------------------------------------------#
#	NIOS II Assembly	 File : \Hanoi_Main.asm
#-------------------------------------------------------------------#

#Adress     Bin-code   source line

00F00000:              |Prog_Main:            					# <label> of begin program
00F00000:   01000084   |            addi    r4, r0, 2
00F00004:   01400104   |            addi    r5, r0, 4
00F00008:   0F000140   |            call    power
00F0000C:   0000B03A   |            nop                     
00F00010:   003B683A   |            trap                      					# this instruction is the end of program
00F00014:              |power:              
00F00014:   DEFFFF04   |            addi    r27, r27, -4  # manage space in the stack and ...
00F00018:   DFC00015   |            stw     r31, 0(r27)  # save the RA (return address) register
00F0001C:   28000426   |            beq     r5, r0, P1  # insert your code
00F00020:   00000706   |            br      P2
00F00024:   DFC00017   |            ldw     r31, 0(r27)  # restaure the RA register
00F00028:   DEC00104   |            addi    r27, r27, 4
00F0002C:   F800283A   |            ret                     
00F00030:              |P1:                 
00F00030:   00800044   |            addi    r2, r0, 1
00F00034:   DFC00017   |            ldw     r31, 0(r27)
00F00038:   DEC00104   |            addi    r27, r27, 4
00F0003C:   F800283A   |            ret                     
00F00040:              |P2:                 
00F00040:   297FFFC4   |            addi    r5, r5, -1
00F00044:   0F000140   |            call    power
00F00048:   1105383A   |            mul     r2, r2, r4
00F0004C:   DFC00017   |            ldw     r31, 0(r27)
00F00050:   DEC00104   |            addi    r27, r27, 4
00F00054:   F800283A   |            ret                     
                       |                    
                       |                    
