#-------------------------------------------------------------------#
#	NIOS II Assembly	 File : \shift.asm
#-------------------------------------------------------------------#

#Adress     Bin-code   source line

00F00000:   013FFF84   |            addi    r4, r0, -2
00F00004:   014000C4   |            addi    r5, r0, 3
00F00008:   0F000100   |            call    SHF
00F0000C:   003B683A   |            trap                    
00F00010:              |SHF:                
00F00010:   DEFFFF04   |            addi    r27, r27, -4
00F00014:   DFC00015   |            stw     r31, 0(r27)
00F00018:   2145D83A   |            sra     r2, r4, r5
00F0001C:   297FF804   |            addi    r5, r5, -32
00F00020:   297FFFC4   |            addi    r5, r5, -1
00F00024:   297FFFDC   |            xori    r5, r5, 0xffffffff
00F00028:   2146983A   |            sll     r3, r4, r5
00F0002C:   DFC00017   |            ldw     r31, 0(r27)
00F00030:   DEC00104   |            addi    r27, r27, 4
00F00034:   F800283A   |            ret                     
